// Jest Snapshot v1, https://jestjs.io/docs/snapshot-testing

exports[`API Contract (snapshot) GET /items -> paginated response shape is stable 1`] = `
{
  "data": [],
  "meta": {
    "hasNext": false,
    "hasPrev": false,
    "limit": 2,
    "page": 1,
    "pages": 1,
    "returned": 0,
    "total": 0,
  },
}
`;

exports[`API Contract (snapshot) OpenAPI contract stable (snapshot) 1`] = `
{
  "components": {
    "schemas": {
      "CreateItemDto": {
        "properties": {
          "done": {
            "default": false,
            "description": "Completion flag",
            "example": false,
            "type": "boolean",
          },
          "name": {
            "description": "Item name",
            "example": "Learn Nest",
            "minLength": 1,
            "type": "string",
          },
        },
        "required": [
          "name",
        ],
        "type": "object",
      },
      "DeleteItemResponseDto": {
        "properties": {
          "deleted": {
            "example": true,
            "type": "boolean",
          },
          "id": {
            "example": "66a8c...",
            "type": "string",
          },
        },
        "required": [
          "deleted",
          "id",
        ],
        "type": "object",
      },
      "ErrorResponseDto": {
        "properties": {
          "details": {
            "description": "Extra error details (e.g. Mongo duplicate key fields)",
            "example": {
              "name": "UniqueName",
            },
            "type": "object",
          },
          "error": {
            "example": "Conflict",
            "type": "string",
          },
          "message": {
            "oneOf": [
              {
                "example": "Duplicate key: name",
                "type": "string",
              },
              {
                "example": [
                  "name must be longer than or equal to 1 characters",
                ],
                "items": {
                  "type": "string",
                },
                "type": "array",
              },
            ],
          },
          "path": {
            "example": "/items",
            "type": "string",
          },
          "requestId": {
            "example": "c83cb856-5688-42a9-a247-ca5842f8b61e",
            "type": "string",
          },
          "statusCode": {
            "example": 409,
            "type": "number",
          },
          "timestamp": {
            "example": "2026-02-26T09:00:00.000Z",
            "type": "string",
          },
        },
        "required": [
          "statusCode",
          "error",
          "message",
          "path",
          "timestamp",
        ],
        "type": "object",
      },
      "ItemResponseDto": {
        "properties": {
          "_id": {
            "example": "65f0c2a8e4b0a123456789ab",
            "type": "string",
          },
          "createdAt": {
            "example": "2026-02-26T08:00:00.000Z",
            "type": "string",
          },
          "done": {
            "example": false,
            "type": "boolean",
          },
          "name": {
            "example": "Learn Nest",
            "type": "string",
          },
          "updatedAt": {
            "example": "2026-02-26T08:00:00.000Z",
            "type": "string",
          },
        },
        "required": [
          "_id",
          "name",
          "done",
          "createdAt",
          "updatedAt",
        ],
        "type": "object",
      },
      "ItemsListResponseDto": {
        "properties": {
          "data": {
            "items": {
              "$ref": "#/components/schemas/ItemResponseDto",
            },
            "type": "array",
          },
          "meta": {
            "$ref": "#/components/schemas/ItemsMetaDto",
          },
        },
        "required": [
          "data",
          "meta",
        ],
        "type": "object",
      },
      "ItemsMetaDto": {
        "properties": {
          "hasNext": {
            "example": true,
            "type": "boolean",
          },
          "hasPrev": {
            "example": false,
            "type": "boolean",
          },
          "limit": {
            "example": 20,
            "type": "number",
          },
          "page": {
            "example": 1,
            "type": "number",
          },
          "pages": {
            "example": 7,
            "type": "number",
          },
          "returned": {
            "example": 20,
            "type": "number",
          },
          "total": {
            "example": 125,
            "type": "number",
          },
        },
        "required": [
          "page",
          "limit",
          "total",
          "pages",
          "hasNext",
          "hasPrev",
          "returned",
        ],
        "type": "object",
      },
      "UpdateItemDto": {
        "properties": {
          "done": {
            "example": true,
            "type": "boolean",
          },
          "name": {
            "example": "Learn Nest deeply",
            "minLength": 1,
            "type": "string",
          },
        },
        "type": "object",
      },
    },
  },
  "info": {
    "contact": {},
    "description": "",
    "title": "Test API",
    "version": "1.0",
  },
  "openapi": "3.0.0",
  "paths": {
    "/items": {
      "get": {
        "operationId": "ItemsController_findAll",
        "parameters": [
          {
            "description": "Optional request correlation ID echoed by the API",
            "in": "header",
            "name": "x-request-id",
            "required": false,
            "schema": {
              "type": "string",
            },
          },
          {
            "example": false,
            "in": "query",
            "name": "done",
            "required": false,
            "schema": {
              "type": "string",
            },
          },
          {
            "example": "nest",
            "in": "query",
            "name": "q",
            "required": false,
            "schema": {
              "type": "string",
            },
          },
          {
            "example": 1,
            "in": "query",
            "name": "page",
            "required": false,
            "schema": {
              "default": 1,
              "type": "number",
            },
          },
          {
            "example": 20,
            "in": "query",
            "name": "limit",
            "required": false,
            "schema": {
              "default": 20,
              "type": "number",
            },
          },
          {
            "example": "createdAt",
            "in": "query",
            "name": "sortBy",
            "required": false,
            "schema": {
              "enum": [
                "createdAt",
                "updatedAt",
                "name",
              ],
              "type": "string",
            },
          },
          {
            "example": "desc",
            "in": "query",
            "name": "order",
            "required": false,
            "schema": {
              "enum": [
                "asc",
                "desc",
              ],
              "type": "string",
            },
          },
          {
            "description": "Substring search (regex)",
            "example": "Al",
            "in": "query",
            "name": "like",
            "required": false,
            "schema": {
              "type": "string",
            },
          },
        ],
        "responses": {
          "200": {
            "content": {
              "application/json": {
                "schema": {
                  "$ref": "#/components/schemas/ItemsListResponseDto",
                },
              },
            },
            "description": "Paginated items list",
          },
          "400": {
            "content": {
              "application/json": {
                "schema": {
                  "$ref": "#/components/schemas/ErrorResponseDto",
                },
              },
            },
            "description": "",
          },
          "500": {
            "content": {
              "application/json": {
                "schema": {
                  "$ref": "#/components/schemas/ErrorResponseDto",
                },
              },
            },
            "description": "Internal server error",
          },
        },
        "tags": [
          "items",
        ],
      },
      "post": {
        "operationId": "ItemsController_create",
        "parameters": [
          {
            "description": "Optional request correlation ID echoed by the API",
            "in": "header",
            "name": "x-request-id",
            "required": false,
            "schema": {
              "type": "string",
            },
          },
        ],
        "requestBody": {
          "content": {
            "application/json": {
              "schema": {
                "$ref": "#/components/schemas/CreateItemDto",
              },
            },
          },
          "required": true,
        },
        "responses": {
          "201": {
            "content": {
              "application/json": {
                "schema": {
                  "$ref": "#/components/schemas/ItemResponseDto",
                },
              },
            },
            "description": "Item created",
          },
          "400": {
            "content": {
              "application/json": {
                "schema": {
                  "$ref": "#/components/schemas/ErrorResponseDto",
                },
              },
            },
            "description": "",
          },
          "409": {
            "content": {
              "application/json": {
                "schema": {
                  "$ref": "#/components/schemas/ErrorResponseDto",
                },
              },
            },
            "description": "Duplicate key",
          },
          "500": {
            "content": {
              "application/json": {
                "schema": {
                  "$ref": "#/components/schemas/ErrorResponseDto",
                },
              },
            },
            "description": "Internal server error",
          },
        },
        "tags": [
          "items",
        ],
      },
    },
    "/items/health": {
      "get": {
        "operationId": "ItemsController_health",
        "parameters": [
          {
            "description": "Optional request correlation ID echoed by the API",
            "in": "header",
            "name": "x-request-id",
            "required": false,
            "schema": {
              "type": "string",
            },
          },
        ],
        "responses": {
          "200": {
            "content": {
              "application/json": {
                "schema": {
                  "example": {
                    "ok": true,
                    "time": "2026-03-03T12:00:00.000Z",
                  },
                },
              },
            },
            "description": "Health check",
          },
          "500": {
            "content": {
              "application/json": {
                "schema": {
                  "$ref": "#/components/schemas/ErrorResponseDto",
                },
              },
            },
            "description": "Internal server error",
          },
        },
        "tags": [
          "items",
        ],
      },
    },
    "/items/search": {
      "get": {
        "operationId": "ItemsController_search",
        "parameters": [
          {
            "description": "Optional request correlation ID echoed by the API",
            "in": "header",
            "name": "x-request-id",
            "required": false,
            "schema": {
              "type": "string",
            },
          },
          {
            "example": false,
            "in": "query",
            "name": "done",
            "required": false,
            "schema": {
              "type": "string",
            },
          },
          {
            "example": "nest",
            "in": "query",
            "name": "q",
            "required": false,
            "schema": {
              "type": "string",
            },
          },
          {
            "example": 1,
            "in": "query",
            "name": "page",
            "required": false,
            "schema": {
              "default": 1,
              "type": "number",
            },
          },
          {
            "example": 20,
            "in": "query",
            "name": "limit",
            "required": false,
            "schema": {
              "default": 20,
              "type": "number",
            },
          },
          {
            "example": "createdAt",
            "in": "query",
            "name": "sortBy",
            "required": false,
            "schema": {
              "enum": [
                "createdAt",
                "updatedAt",
                "name",
              ],
              "type": "string",
            },
          },
          {
            "example": "desc",
            "in": "query",
            "name": "order",
            "required": false,
            "schema": {
              "enum": [
                "asc",
                "desc",
              ],
              "type": "string",
            },
          },
          {
            "description": "Substring search (regex)",
            "example": "Al",
            "in": "query",
            "name": "like",
            "required": false,
            "schema": {
              "type": "string",
            },
          },
        ],
        "responses": {
          "200": {
            "content": {
              "application/json": {
                "schema": {
                  "$ref": "#/components/schemas/ItemsListResponseDto",
                },
              },
            },
            "description": "Search items (paginated, same as list)",
          },
          "400": {
            "content": {
              "application/json": {
                "schema": {
                  "$ref": "#/components/schemas/ErrorResponseDto",
                },
              },
            },
            "description": "",
          },
          "500": {
            "content": {
              "application/json": {
                "schema": {
                  "$ref": "#/components/schemas/ErrorResponseDto",
                },
              },
            },
            "description": "Internal server error",
          },
        },
        "tags": [
          "items",
        ],
      },
    },
    "/items/{id}": {
      "delete": {
        "operationId": "ItemsController_remove",
        "parameters": [
          {
            "description": "Optional request correlation ID echoed by the API",
            "in": "header",
            "name": "x-request-id",
            "required": false,
            "schema": {
              "type": "string",
            },
          },
          {
            "in": "path",
            "name": "id",
            "required": true,
            "schema": {
              "type": "string",
            },
          },
        ],
        "responses": {
          "200": {
            "content": {
              "application/json": {
                "schema": {
                  "$ref": "#/components/schemas/DeleteItemResponseDto",
                },
              },
            },
            "description": "Item deleted",
          },
          "400": {
            "content": {
              "application/json": {
                "schema": {
                  "$ref": "#/components/schemas/ErrorResponseDto",
                },
              },
            },
            "description": "Invalid ObjectId",
          },
          "404": {
            "content": {
              "application/json": {
                "schema": {
                  "$ref": "#/components/schemas/ErrorResponseDto",
                },
              },
            },
            "description": "Item not found",
          },
          "500": {
            "content": {
              "application/json": {
                "schema": {
                  "$ref": "#/components/schemas/ErrorResponseDto",
                },
              },
            },
            "description": "Internal server error",
          },
        },
        "tags": [
          "items",
        ],
      },
      "get": {
        "operationId": "ItemsController_findOne",
        "parameters": [
          {
            "description": "Optional request correlation ID echoed by the API",
            "in": "header",
            "name": "x-request-id",
            "required": false,
            "schema": {
              "type": "string",
            },
          },
          {
            "description": "Mongo ObjectId",
            "in": "path",
            "name": "id",
            "required": true,
            "schema": {
              "type": "string",
            },
          },
        ],
        "responses": {
          "200": {
            "content": {
              "application/json": {
                "schema": {
                  "$ref": "#/components/schemas/ItemResponseDto",
                },
              },
            },
            "description": "Item found",
          },
          "400": {
            "content": {
              "application/json": {
                "schema": {
                  "$ref": "#/components/schemas/ErrorResponseDto",
                },
              },
            },
            "description": "Invalid ObjectId",
          },
          "404": {
            "content": {
              "application/json": {
                "schema": {
                  "$ref": "#/components/schemas/ErrorResponseDto",
                },
              },
            },
            "description": "Item not found",
          },
          "500": {
            "content": {
              "application/json": {
                "schema": {
                  "$ref": "#/components/schemas/ErrorResponseDto",
                },
              },
            },
            "description": "Internal server error",
          },
        },
        "tags": [
          "items",
        ],
      },
      "patch": {
        "operationId": "ItemsController_update",
        "parameters": [
          {
            "description": "Optional request correlation ID echoed by the API",
            "in": "header",
            "name": "x-request-id",
            "required": false,
            "schema": {
              "type": "string",
            },
          },
          {
            "in": "path",
            "name": "id",
            "required": true,
            "schema": {
              "type": "string",
            },
          },
        ],
        "requestBody": {
          "content": {
            "application/json": {
              "schema": {
                "$ref": "#/components/schemas/UpdateItemDto",
              },
            },
          },
          "required": true,
        },
        "responses": {
          "200": {
            "content": {
              "application/json": {
                "schema": {
                  "$ref": "#/components/schemas/ItemResponseDto",
                },
              },
            },
            "description": "Item updated",
          },
          "400": {
            "content": {
              "application/json": {
                "schema": {
                  "$ref": "#/components/schemas/ErrorResponseDto",
                },
              },
            },
            "description": "Invalid ObjectId",
          },
          "404": {
            "content": {
              "application/json": {
                "schema": {
                  "$ref": "#/components/schemas/ErrorResponseDto",
                },
              },
            },
            "description": "Item not found",
          },
          "409": {
            "content": {
              "application/json": {
                "schema": {
                  "$ref": "#/components/schemas/ErrorResponseDto",
                },
              },
            },
            "description": "Conflict",
          },
          "500": {
            "content": {
              "application/json": {
                "schema": {
                  "$ref": "#/components/schemas/ErrorResponseDto",
                },
              },
            },
            "description": "Internal server error",
          },
        },
        "tags": [
          "items",
        ],
      },
    },
  },
  "servers": [],
  "tags": [],
}
`;

exports[`API Contract (snapshot) POST /items -> conflict error shape stable (409) 1`] = `
{
  "details": {
    "name": "DupName",
  },
  "error": "Conflict",
  "message": "Duplicate key: name",
  "path": "/items",
  "requestId": "RID",
  "statusCode": 409,
  "timestamp": "DATE",
}
`;

exports[`API Contract (snapshot) POST /items -> error shape stable (400) 1`] = `
{
  "error": "Bad Request",
  "message": [
    "name must be longer than or equal to 1 characters",
  ],
  "path": "/items",
  "requestId": "RID",
  "statusCode": 400,
  "timestamp": "DATE",
}
`;
